// Jest Snapshot v1, https://goo.gl/fbAQLP

exports[`App renders 1`] = `
ShallowWrapper {
  "length": 1,
  Symbol(enzyme.__root__): [Circular],
  Symbol(enzyme.__unrendered__): <App />,
  Symbol(enzyme.__renderer__): Object {
    "batchedUpdates": [Function],
    "getNode": [Function],
    "render": [Function],
    "simulateEvent": [Function],
    "unmount": [Function],
  },
  Symbol(enzyme.__node__): Object {
    "instance": null,
    "key": undefined,
    "nodeType": "class",
    "props": Object {
      "basename": "",
      "children": <Adapter>
        <OfflineChecker />
        <Adapter
                className="topNav"
        >
                <withRouter(TopNav) />
        </Adapter>
        <Adapter
                className="content"
        >
                <Route
                        component={[Function]}
                        exact={true}
                        path="/"
                />
                <Route
                        component={[Function]}
                        exact={true}
                        path="/about"
                />
                <Route
                        component={[Function]}
                        exact={true}
                        path="/home"
                />
                <Route
                        component={[Function]}
                        exact={true}
                        path="/graph"
                />
        </Adapter>
</Adapter>,
    },
    "ref": null,
    "rendered": Object {
      "instance": null,
      "key": undefined,
      "nodeType": "class",
      "props": Object {
        "children": Array [
          <OfflineChecker />,
          <Adapter
            className="topNav"
>
            <withRouter(TopNav) />
</Adapter>,
          <Adapter
            className="content"
>
            <Route
                        component={[Function]}
                        exact={true}
                        path="/"
            />
            <Route
                        component={[Function]}
                        exact={true}
                        path="/about"
            />
            <Route
                        component={[Function]}
                        exact={true}
                        path="/home"
            />
            <Route
                        component={[Function]}
                        exact={true}
                        path="/graph"
            />
</Adapter>,
        ],
      },
      "ref": null,
      "rendered": Array [
        Object {
          "instance": null,
          "key": undefined,
          "nodeType": "class",
          "props": Object {},
          "ref": null,
          "rendered": null,
          "type": [Function],
        },
        Object {
          "instance": null,
          "key": undefined,
          "nodeType": "class",
          "props": Object {
            "children": <withRouter(TopNav) />,
            "className": "topNav",
          },
          "ref": null,
          "rendered": Object {
            "instance": null,
            "key": undefined,
            "nodeType": "function",
            "props": Object {},
            "ref": null,
            "rendered": null,
            "type": [Function],
          },
          "type": [Function],
        },
        Object {
          "instance": null,
          "key": undefined,
          "nodeType": "class",
          "props": Object {
            "children": Array [
              <Route
                component={[Function]}
                exact={true}
                path="/"
/>,
              <Route
                component={[Function]}
                exact={true}
                path="/about"
/>,
              <Route
                component={[Function]}
                exact={true}
                path="/home"
/>,
              <Route
                component={[Function]}
                exact={true}
                path="/graph"
/>,
            ],
            "className": "content",
          },
          "ref": null,
          "rendered": Array [
            Object {
              "instance": null,
              "key": undefined,
              "nodeType": "class",
              "props": Object {
                "component": [Function],
                "exact": true,
                "path": "/",
              },
              "ref": null,
              "rendered": null,
              "type": [Function],
            },
            Object {
              "instance": null,
              "key": undefined,
              "nodeType": "class",
              "props": Object {
                "component": [Function],
                "exact": true,
                "path": "/about",
              },
              "ref": null,
              "rendered": null,
              "type": [Function],
            },
            Object {
              "instance": null,
              "key": undefined,
              "nodeType": "class",
              "props": Object {
                "component": [Function],
                "exact": true,
                "path": "/home",
              },
              "ref": null,
              "rendered": null,
              "type": [Function],
            },
            Object {
              "instance": null,
              "key": undefined,
              "nodeType": "class",
              "props": Object {
                "component": [Function],
                "exact": true,
                "path": "/graph",
              },
              "ref": null,
              "rendered": null,
              "type": [Function],
            },
          ],
          "type": [Function],
        },
      ],
      "type": [Function],
    },
    "type": [Function],
  },
  Symbol(enzyme.__nodes__): Array [
    Object {
      "instance": null,
      "key": undefined,
      "nodeType": "class",
      "props": Object {
        "basename": "",
        "children": <Adapter>
          <OfflineChecker />
          <Adapter
                    className="topNav"
          >
                    <withRouter(TopNav) />
          </Adapter>
          <Adapter
                    className="content"
          >
                    <Route
                              component={[Function]}
                              exact={true}
                              path="/"
                    />
                    <Route
                              component={[Function]}
                              exact={true}
                              path="/about"
                    />
                    <Route
                              component={[Function]}
                              exact={true}
                              path="/home"
                    />
                    <Route
                              component={[Function]}
                              exact={true}
                              path="/graph"
                    />
          </Adapter>
</Adapter>,
      },
      "ref": null,
      "rendered": Object {
        "instance": null,
        "key": undefined,
        "nodeType": "class",
        "props": Object {
          "children": Array [
            <OfflineChecker />,
            <Adapter
              className="topNav"
>
              <withRouter(TopNav) />
</Adapter>,
            <Adapter
              className="content"
>
              <Route
                            component={[Function]}
                            exact={true}
                            path="/"
              />
              <Route
                            component={[Function]}
                            exact={true}
                            path="/about"
              />
              <Route
                            component={[Function]}
                            exact={true}
                            path="/home"
              />
              <Route
                            component={[Function]}
                            exact={true}
                            path="/graph"
              />
</Adapter>,
          ],
        },
        "ref": null,
        "rendered": Array [
          Object {
            "instance": null,
            "key": undefined,
            "nodeType": "class",
            "props": Object {},
            "ref": null,
            "rendered": null,
            "type": [Function],
          },
          Object {
            "instance": null,
            "key": undefined,
            "nodeType": "class",
            "props": Object {
              "children": <withRouter(TopNav) />,
              "className": "topNav",
            },
            "ref": null,
            "rendered": Object {
              "instance": null,
              "key": undefined,
              "nodeType": "function",
              "props": Object {},
              "ref": null,
              "rendered": null,
              "type": [Function],
            },
            "type": [Function],
          },
          Object {
            "instance": null,
            "key": undefined,
            "nodeType": "class",
            "props": Object {
              "children": Array [
                <Route
                  component={[Function]}
                  exact={true}
                  path="/"
/>,
                <Route
                  component={[Function]}
                  exact={true}
                  path="/about"
/>,
                <Route
                  component={[Function]}
                  exact={true}
                  path="/home"
/>,
                <Route
                  component={[Function]}
                  exact={true}
                  path="/graph"
/>,
              ],
              "className": "content",
            },
            "ref": null,
            "rendered": Array [
              Object {
                "instance": null,
                "key": undefined,
                "nodeType": "class",
                "props": Object {
                  "component": [Function],
                  "exact": true,
                  "path": "/",
                },
                "ref": null,
                "rendered": null,
                "type": [Function],
              },
              Object {
                "instance": null,
                "key": undefined,
                "nodeType": "class",
                "props": Object {
                  "component": [Function],
                  "exact": true,
                  "path": "/about",
                },
                "ref": null,
                "rendered": null,
                "type": [Function],
              },
              Object {
                "instance": null,
                "key": undefined,
                "nodeType": "class",
                "props": Object {
                  "component": [Function],
                  "exact": true,
                  "path": "/home",
                },
                "ref": null,
                "rendered": null,
                "type": [Function],
              },
              Object {
                "instance": null,
                "key": undefined,
                "nodeType": "class",
                "props": Object {
                  "component": [Function],
                  "exact": true,
                  "path": "/graph",
                },
                "ref": null,
                "rendered": null,
                "type": [Function],
              },
            ],
            "type": [Function],
          },
        ],
        "type": [Function],
      },
      "type": [Function],
    },
  ],
  Symbol(enzyme.__options__): Object {
    "adapter": ReactSixteenAdapter {
      "options": Object {
        "enableComponentDidUpdateOnSetState": true,
      },
    },
  },
}
`;
