// Jest Snapshot v1, https://goo.gl/fbAQLP

exports[`About renders 1`] = `
ShallowWrapper {
  "length": 1,
  Symbol(enzyme.__root__): [Circular],
  Symbol(enzyme.__unrendered__): <About />,
  Symbol(enzyme.__renderer__): Object {
    "batchedUpdates": [Function],
    "getNode": [Function],
    "render": [Function],
    "simulateEvent": [Function],
    "unmount": [Function],
  },
  Symbol(enzyme.__node__): Object {
    "instance": null,
    "key": undefined,
    "nodeType": "host",
    "props": Object {
      "children": Array [
        <h1>
          About
</h1>,
        <h2>
          Photo Credits
</h2>,
        "All photos from Rober Gonz치lez at",
        " ",
        <a
          href="https://unsplash.com/photos/ShXbeohihGo"
>
          Unsplash
</a>,
      ],
    },
    "ref": null,
    "rendered": Array [
      Object {
        "instance": null,
        "key": undefined,
        "nodeType": "host",
        "props": Object {
          "children": "About",
        },
        "ref": null,
        "rendered": "About",
        "type": "h1",
      },
      Object {
        "instance": null,
        "key": undefined,
        "nodeType": "host",
        "props": Object {
          "children": "Photo Credits",
        },
        "ref": null,
        "rendered": "Photo Credits",
        "type": "h2",
      },
      "All photos from Rober Gonz치lez at",
      " ",
      Object {
        "instance": null,
        "key": undefined,
        "nodeType": "host",
        "props": Object {
          "children": "Unsplash",
          "href": "https://unsplash.com/photos/ShXbeohihGo",
        },
        "ref": null,
        "rendered": "Unsplash",
        "type": "a",
      },
    ],
    "type": "div",
  },
  Symbol(enzyme.__nodes__): Array [
    Object {
      "instance": null,
      "key": undefined,
      "nodeType": "host",
      "props": Object {
        "children": Array [
          <h1>
            About
</h1>,
          <h2>
            Photo Credits
</h2>,
          "All photos from Rober Gonz치lez at",
          " ",
          <a
            href="https://unsplash.com/photos/ShXbeohihGo"
>
            Unsplash
</a>,
        ],
      },
      "ref": null,
      "rendered": Array [
        Object {
          "instance": null,
          "key": undefined,
          "nodeType": "host",
          "props": Object {
            "children": "About",
          },
          "ref": null,
          "rendered": "About",
          "type": "h1",
        },
        Object {
          "instance": null,
          "key": undefined,
          "nodeType": "host",
          "props": Object {
            "children": "Photo Credits",
          },
          "ref": null,
          "rendered": "Photo Credits",
          "type": "h2",
        },
        "All photos from Rober Gonz치lez at",
        " ",
        Object {
          "instance": null,
          "key": undefined,
          "nodeType": "host",
          "props": Object {
            "children": "Unsplash",
            "href": "https://unsplash.com/photos/ShXbeohihGo",
          },
          "ref": null,
          "rendered": "Unsplash",
          "type": "a",
        },
      ],
      "type": "div",
    },
  ],
  Symbol(enzyme.__options__): Object {
    "adapter": ReactSixteenAdapter {
      "options": Object {
        "enableComponentDidUpdateOnSetState": true,
      },
    },
  },
}
`;
